<?xml version="1.0" encoding="ISO-8859-1" ?>
<link_info>
   <banner>TMS320C2000 Linker PC v22.6.0.LTS</banner>
   <copyright>Copyright (c) 1996-2018 Texas Instruments Incorporated</copyright>
   <link_time>0x64fb6bd6</link_time>
   <link_errors>0x0</link_errors>
   <output_file>lab2part2.out</output_file>
   <entry_point>
      <name>_c_int00</name>
      <address>0xc6e1</address>
   </entry_point>
   <input_file_list>
      <input_file id="fl-2">
         <path>.\</path>
         <kind>object</kind>
         <file>F28379dSerial.obj</file>
         <name>F28379dSerial.obj</name>
      </input_file>
      <input_file id="fl-3">
         <path>.\</path>
         <kind>object</kind>
         <file>F2837xD_Adc.obj</file>
         <name>F2837xD_Adc.obj</name>
      </input_file>
      <input_file id="fl-4">
         <path>.\</path>
         <kind>object</kind>
         <file>F2837xD_CodeStartBranch.obj</file>
         <name>F2837xD_CodeStartBranch.obj</name>
      </input_file>
      <input_file id="fl-5">
         <path>.\</path>
         <kind>object</kind>
         <file>F2837xD_CpuTimers.obj</file>
         <name>F2837xD_CpuTimers.obj</name>
      </input_file>
      <input_file id="fl-6">
         <path>.\</path>
         <kind>object</kind>
         <file>F2837xD_DefaultISR.obj</file>
         <name>F2837xD_DefaultISR.obj</name>
      </input_file>
      <input_file id="fl-7">
         <path>.\</path>
         <kind>object</kind>
         <file>F2837xD_EPwm.obj</file>
         <name>F2837xD_EPwm.obj</name>
      </input_file>
      <input_file id="fl-8">
         <path>.\</path>
         <kind>object</kind>
         <file>F2837xD_GlobalVariableDefs.obj</file>
         <name>F2837xD_GlobalVariableDefs.obj</name>
      </input_file>
      <input_file id="fl-9">
         <path>.\</path>
         <kind>object</kind>
         <file>F2837xD_Gpio.obj</file>
         <name>F2837xD_Gpio.obj</name>
      </input_file>
      <input_file id="fl-a">
         <path>.\</path>
         <kind>object</kind>
         <file>F2837xD_PieCtrl.obj</file>
         <name>F2837xD_PieCtrl.obj</name>
      </input_file>
      <input_file id="fl-b">
         <path>.\</path>
         <kind>object</kind>
         <file>F2837xD_PieVect.obj</file>
         <name>F2837xD_PieVect.obj</name>
      </input_file>
      <input_file id="fl-c">
         <path>.\</path>
         <kind>object</kind>
         <file>F2837xD_Spi.obj</file>
         <name>F2837xD_Spi.obj</name>
      </input_file>
      <input_file id="fl-d">
         <path>.\</path>
         <kind>object</kind>
         <file>F2837xD_SysCtrl.obj</file>
         <name>F2837xD_SysCtrl.obj</name>
      </input_file>
      <input_file id="fl-e">
         <path>.\</path>
         <kind>object</kind>
         <file>F2837xD_usDelay.obj</file>
         <name>F2837xD_usDelay.obj</name>
      </input_file>
      <input_file id="fl-f">
         <path>.\</path>
         <kind>object</kind>
         <file>LEDPatterns.obj</file>
         <name>LEDPatterns.obj</name>
      </input_file>
      <input_file id="fl-10">
         <path>.\</path>
         <kind>object</kind>
         <file>lab2part2_main.obj</file>
         <name>lab2part2_main.obj</name>
      </input_file>
      <input_file id="fl-11">
         <path>.\device\</path>
         <kind>object</kind>
         <file>device.obj</file>
         <name>device.obj</name>
      </input_file>
      <input_file id="fl-18">
         <kind>object</kind>
         <file>&lt;internal&gt;</file>
         <name>&lt;internal&gt;</name>
      </input_file>
      <input_file id="fl-1f">
         <path>C:\biskup2\ME461_repo\C2000Ware_4_01_00_00\driverlib\f2837xd\driverlib\ccs\Debug\</path>
         <kind>archive</kind>
         <file>driverlib_coff.lib</file>
         <name>gpio.obj</name>
      </input_file>
      <input_file id="fl-20">
         <path>C:\biskup2\ME461_repo\C2000Ware_4_01_00_00\driverlib\f2837xd\driverlib\ccs\Debug\</path>
         <kind>archive</kind>
         <file>driverlib_coff.lib</file>
         <name>sysctl.obj</name>
      </input_file>
      <input_file id="fl-2c">
         <path>C:\ti\ccs1240\ccs\tools\compiler\ti-cgt-c2000_22.6.0.LTS\lib\</path>
         <kind>archive</kind>
         <file>rts2800_fpu32.lib</file>
         <name>vsprintf.c.obj</name>
      </input_file>
      <input_file id="fl-2d">
         <path>C:\ti\ccs1240\ccs\tools\compiler\ti-cgt-c2000_22.6.0.LTS\lib\</path>
         <kind>archive</kind>
         <file>rts2800_fpu32.lib</file>
         <name>boot28.asm.obj</name>
      </input_file>
      <input_file id="fl-2e">
         <path>C:\ti\ccs1240\ccs\tools\compiler\ti-cgt-c2000_22.6.0.LTS\lib\</path>
         <kind>archive</kind>
         <file>rts2800_fpu32.lib</file>
         <name>fs_div28.asm.obj</name>
      </input_file>
      <input_file id="fl-2f">
         <path>C:\ti\ccs1240\ccs\tools\compiler\ti-cgt-c2000_22.6.0.LTS\lib\</path>
         <kind>archive</kind>
         <file>rts2800_fpu32.lib</file>
         <name>u_div28.asm.obj</name>
      </input_file>
      <input_file id="fl-30">
         <path>C:\ti\ccs1240\ccs\tools\compiler\ti-cgt-c2000_22.6.0.LTS\lib\</path>
         <kind>archive</kind>
         <file>rts2800_fpu32.lib</file>
         <name>l_div28.asm.obj</name>
      </input_file>
      <input_file id="fl-31">
         <path>C:\ti\ccs1240\ccs\tools\compiler\ti-cgt-c2000_22.6.0.LTS\lib\</path>
         <kind>archive</kind>
         <file>rts2800_fpu32.lib</file>
         <name>cpy_tbl.c.obj</name>
      </input_file>
      <input_file id="fl-32">
         <path>C:\ti\ccs1240\ccs\tools\compiler\ti-cgt-c2000_22.6.0.LTS\lib\</path>
         <kind>archive</kind>
         <file>rts2800_fpu32.lib</file>
         <name>memcpy.c.obj</name>
      </input_file>
      <input_file id="fl-33">
         <path>C:\ti\ccs1240\ccs\tools\compiler\ti-cgt-c2000_22.6.0.LTS\lib\</path>
         <kind>archive</kind>
         <file>rts2800_fpu32.lib</file>
         <name>pre_init.c.obj</name>
      </input_file>
      <input_file id="fl-34">
         <path>C:\ti\ccs1240\ccs\tools\compiler\ti-cgt-c2000_22.6.0.LTS\lib\</path>
         <kind>archive</kind>
         <file>rts2800_fpu32.lib</file>
         <name>startup.c.obj</name>
      </input_file>
      <input_file id="fl-35">
         <path>C:\ti\ccs1240\ccs\tools\compiler\ti-cgt-c2000_22.6.0.LTS\lib\</path>
         <kind>archive</kind>
         <file>rts2800_fpu32.lib</file>
         <name>exit.c.obj</name>
      </input_file>
      <input_file id="fl-36">
         <path>C:\ti\ccs1240\ccs\tools\compiler\ti-cgt-c2000_22.6.0.LTS\lib\</path>
         <kind>archive</kind>
         <file>rts2800_fpu32.lib</file>
         <name>_lock.c.obj</name>
      </input_file>
      <input_file id="fl-37">
         <path>C:\ti\ccs1240\ccs\tools\compiler\ti-cgt-c2000_22.6.0.LTS\lib\</path>
         <kind>archive</kind>
         <file>rts2800_fpu32.lib</file>
         <name>args_main.c.obj</name>
      </input_file>
      <input_file id="fl-38">
         <path>C:\ti\ccs1240\ccs\tools\compiler\ti-cgt-c2000_22.6.0.LTS\lib\</path>
         <kind>archive</kind>
         <file>rts2800_fpu32.lib</file>
         <name>strlen.c.obj</name>
      </input_file>
      <input_file id="fl-39">
         <path>C:\ti\ccs1240\ccs\tools\compiler\ti-cgt-c2000_22.6.0.LTS\lib\</path>
         <kind>archive</kind>
         <file>rts2800_fpu32.lib</file>
         <name>_printfi.c.obj</name>
      </input_file>
      <input_file id="fl-3a">
         <path>C:\ti\ccs1240\ccs\tools\compiler\ti-cgt-c2000_22.6.0.LTS\lib\</path>
         <kind>archive</kind>
         <file>rts2800_fpu32.lib</file>
         <name>fd_cmp28.asm.obj</name>
      </input_file>
      <input_file id="fl-3b">
         <path>C:\ti\ccs1240\ccs\tools\compiler\ti-cgt-c2000_22.6.0.LTS\lib\</path>
         <kind>archive</kind>
         <file>rts2800_fpu32.lib</file>
         <name>fd_mpy28.asm.obj</name>
      </input_file>
      <input_file id="fl-3c">
         <path>C:\ti\ccs1240\ccs\tools\compiler\ti-cgt-c2000_22.6.0.LTS\lib\</path>
         <kind>archive</kind>
         <file>rts2800_fpu32.lib</file>
         <name>fd_neg28.asm.obj</name>
      </input_file>
      <input_file id="fl-3d">
         <path>C:\ti\ccs1240\ccs\tools\compiler\ti-cgt-c2000_22.6.0.LTS\lib\</path>
         <kind>archive</kind>
         <file>rts2800_fpu32.lib</file>
         <name>fd_sub28.asm.obj</name>
      </input_file>
      <input_file id="fl-3e">
         <path>C:\ti\ccs1240\ccs\tools\compiler\ti-cgt-c2000_22.6.0.LTS\lib\</path>
         <kind>archive</kind>
         <file>rts2800_fpu32.lib</file>
         <name>fd_toi28.asm.obj</name>
      </input_file>
      <input_file id="fl-3f">
         <path>C:\ti\ccs1240\ccs\tools\compiler\ti-cgt-c2000_22.6.0.LTS\lib\</path>
         <kind>archive</kind>
         <file>rts2800_fpu32.lib</file>
         <name>fd_tol28.asm.obj</name>
      </input_file>
      <input_file id="fl-40">
         <path>C:\ti\ccs1240\ccs\tools\compiler\ti-cgt-c2000_22.6.0.LTS\lib\</path>
         <kind>archive</kind>
         <file>rts2800_fpu32.lib</file>
         <name>ll_aox28.asm.obj</name>
      </input_file>
      <input_file id="fl-41">
         <path>C:\ti\ccs1240\ccs\tools\compiler\ti-cgt-c2000_22.6.0.LTS\lib\</path>
         <kind>archive</kind>
         <file>rts2800_fpu32.lib</file>
         <name>ll_cmp28.asm.obj</name>
      </input_file>
      <input_file id="fl-42">
         <path>C:\ti\ccs1240\ccs\tools\compiler\ti-cgt-c2000_22.6.0.LTS\lib\</path>
         <kind>archive</kind>
         <file>rts2800_fpu32.lib</file>
         <name>ll_div28.asm.obj</name>
      </input_file>
      <input_file id="fl-43">
         <path>C:\ti\ccs1240\ccs\tools\compiler\ti-cgt-c2000_22.6.0.LTS\lib\</path>
         <kind>archive</kind>
         <file>rts2800_fpu32.lib</file>
         <name>i_tofd28.asm.obj</name>
      </input_file>
      <input_file id="fl-44">
         <path>C:\ti\ccs1240\ccs\tools\compiler\ti-cgt-c2000_22.6.0.LTS\lib\</path>
         <kind>archive</kind>
         <file>rts2800_fpu32.lib</file>
         <name>l_tofd28.asm.obj</name>
      </input_file>
      <input_file id="fl-45">
         <path>C:\ti\ccs1240\ccs\tools\compiler\ti-cgt-c2000_22.6.0.LTS\lib\</path>
         <kind>archive</kind>
         <file>rts2800_fpu32.lib</file>
         <name>fs_tofdfpu32.asm.obj</name>
      </input_file>
      <input_file id="fl-46">
         <path>C:\ti\ccs1240\ccs\tools\compiler\ti-cgt-c2000_22.6.0.LTS\lib\</path>
         <kind>archive</kind>
         <file>rts2800_fpu32.lib</file>
         <name>fd_div28.asm.obj</name>
      </input_file>
      <input_file id="fl-47">
         <path>C:\ti\ccs1240\ccs\tools\compiler\ti-cgt-c2000_22.6.0.LTS\lib\</path>
         <kind>archive</kind>
         <file>rts2800_fpu32.lib</file>
         <name>_ltoa.c.obj</name>
      </input_file>
      <input_file id="fl-48">
         <path>C:\ti\ccs1240\ccs\tools\compiler\ti-cgt-c2000_22.6.0.LTS\lib\</path>
         <kind>archive</kind>
         <file>rts2800_fpu32.lib</file>
         <name>atoi.c.obj</name>
      </input_file>
      <input_file id="fl-49">
         <path>C:\ti\ccs1240\ccs\tools\compiler\ti-cgt-c2000_22.6.0.LTS\lib\</path>
         <kind>archive</kind>
         <file>rts2800_fpu32.lib</file>
         <name>ctype.c.obj</name>
      </input_file>
      <input_file id="fl-4a">
         <path>C:\ti\ccs1240\ccs\tools\compiler\ti-cgt-c2000_22.6.0.LTS\lib\</path>
         <kind>archive</kind>
         <file>rts2800_fpu32.lib</file>
         <name>memccpy.c.obj</name>
      </input_file>
      <input_file id="fl-4b">
         <path>C:\ti\ccs1240\ccs\tools\compiler\ti-cgt-c2000_22.6.0.LTS\lib\</path>
         <kind>archive</kind>
         <file>rts2800_fpu32.lib</file>
         <name>memset.c.obj</name>
      </input_file>
      <input_file id="fl-4c">
         <path>C:\ti\ccs1240\ccs\tools\compiler\ti-cgt-c2000_22.6.0.LTS\lib\</path>
         <kind>archive</kind>
         <file>rts2800_fpu32.lib</file>
         <name>strchr.c.obj</name>
      </input_file>
      <input_file id="fl-4d">
         <path>C:\ti\ccs1240\ccs\tools\compiler\ti-cgt-c2000_22.6.0.LTS\lib\</path>
         <kind>archive</kind>
         <file>rts2800_fpu32.lib</file>
         <name>strcpy.c.obj</name>
      </input_file>
      <input_file id="fl-4e">
         <path>C:\ti\ccs1240\ccs\tools\compiler\ti-cgt-c2000_22.6.0.LTS\lib\</path>
         <kind>archive</kind>
         <file>rts2800_fpu32.lib</file>
         <name>s_frexp.c.obj</name>
      </input_file>
      <input_file id="fl-4f">
         <path>C:\ti\ccs1240\ccs\tools\compiler\ti-cgt-c2000_22.6.0.LTS\lib\</path>
         <kind>archive</kind>
         <file>rts2800_fpu32.lib</file>
         <name>s_scalbn.c.obj</name>
      </input_file>
      <input_file id="fl-50">
         <path>C:\ti\ccs1240\ccs\tools\compiler\ti-cgt-c2000_22.6.0.LTS\lib\</path>
         <kind>archive</kind>
         <file>rts2800_fpu32.lib</file>
         <name>s_copysign.c.obj</name>
      </input_file>
      <input_file id="fl-51">
         <path>C:\ti\ccs1240\ccs\tools\compiler\ti-cgt-c2000_22.6.0.LTS\lib\</path>
         <kind>archive</kind>
         <file>rts2800_fpu32.lib</file>
         <name>wcslen.c.obj</name>
      </input_file>
      <input_file id="fl-52">
         <path>C:\ti\ccs1240\ccs\tools\compiler\ti-cgt-c2000_22.6.0.LTS\lib\</path>
         <kind>archive</kind>
         <file>rts2800_fpu32.lib</file>
         <name>fd_add28.asm.obj</name>
      </input_file>
      <input_file id="fl-53">
         <path>C:\ti\ccs1240\ccs\tools\compiler\ti-cgt-c2000_22.6.0.LTS\lib\</path>
         <kind>archive</kind>
         <file>rts2800_fpu32.lib</file>
         <name>errno.c.obj</name>
      </input_file>
   </input_file_list>
   <object_component_list>
      <object_component id="oc-9f">
         <name>codestart</name>
         <load_address>0x0</load_address>
         <run_address>0x0</run_address>
         <size>0x2</size>
         <input_file_ref idref="fl-4"/>
      </object_component>
      <object_component id="oc-233">
         <name>.text</name>
         <load_address>0x8000</load_address>
         <run_address>0x8000</run_address>
         <size>0x79b</size>
         <input_file_ref idref="fl-2"/>
      </object_component>
      <object_component id="oc-230">
         <name>.text</name>
         <load_address>0x879b</load_address>
         <run_address>0x879b</run_address>
         <size>0x1</size>
         <input_file_ref idref="fl-34"/>
      </object_component>
      <object_component id="oc-26f">
         <name>.text</name>
         <load_address>0x879c</load_address>
         <run_address>0x879c</run_address>
         <size>0x6d0</size>
         <input_file_ref idref="fl-39"/>
      </object_component>
      <object_component id="oc-269">
         <name>.text:__TI_printfi</name>
         <load_address>0x8e6c</load_address>
         <run_address>0x8e6c</run_address>
         <size>0x5f5</size>
         <input_file_ref idref="fl-39"/>
      </object_component>
      <object_component id="oc-ab">
         <name>.text:retain</name>
         <load_address>0x9461</load_address>
         <run_address>0x9461</run_address>
         <size>0x585</size>
         <input_file_ref idref="fl-6"/>
      </object_component>
      <object_component id="oc-263">
         <name>.text</name>
         <load_address>0x99e6</load_address>
         <run_address>0x99e6</run_address>
         <size>0x4ab</size>
         <input_file_ref idref="fl-d"/>
      </object_component>
      <object_component id="oc-94">
         <name>.text:retain</name>
         <load_address>0x9e91</load_address>
         <run_address>0x9e91</run_address>
         <size>0x480</size>
         <input_file_ref idref="fl-2"/>
      </object_component>
      <object_component id="oc-23b">
         <name>.text</name>
         <load_address>0xa311</load_address>
         <run_address>0xa311</run_address>
         <size>0x2cd</size>
         <input_file_ref idref="fl-10"/>
      </object_component>
      <object_component id="oc-1d6">
         <name>.text</name>
         <load_address>0xa5de</load_address>
         <run_address>0xa5de</run_address>
         <size>0x107</size>
         <input_file_ref idref="fl-42"/>
      </object_component>
      <object_component id="oc-23a">
         <name>.text</name>
         <load_address>0xa6e5</load_address>
         <run_address>0xa6e5</run_address>
         <size>0xfb</size>
         <input_file_ref idref="fl-f"/>
      </object_component>
      <object_component id="oc-1c7">
         <name>.text</name>
         <load_address>0xa7e0</load_address>
         <run_address>0xa7e0</run_address>
         <size>0x1f</size>
         <input_file_ref idref="fl-3f"/>
      </object_component>
      <object_component id="oc-23f">
         <name>.text</name>
         <load_address>0xc000</load_address>
         <run_address>0xc000</run_address>
         <size>0x244</size>
         <input_file_ref idref="fl-9"/>
      </object_component>
      <object_component id="oc-148">
         <name>.text:retain</name>
         <load_address>0xc244</load_address>
         <run_address>0xc244</run_address>
         <size>0xec</size>
         <input_file_ref idref="fl-10"/>
      </object_component>
      <object_component id="oc-275">
         <name>.text</name>
         <load_address>0xc330</load_address>
         <run_address>0xc330</run_address>
         <size>0xa9</size>
         <input_file_ref idref="fl-4f"/>
      </object_component>
      <object_component id="oc-225">
         <name>.text</name>
         <load_address>0xc3d9</load_address>
         <run_address>0xc3d9</run_address>
         <size>0x9c</size>
         <input_file_ref idref="fl-52"/>
      </object_component>
      <object_component id="oc-1ea">
         <name>.text</name>
         <load_address>0xc475</load_address>
         <run_address>0xc475</run_address>
         <size>0x8b</size>
         <input_file_ref idref="fl-46"/>
      </object_component>
      <object_component id="oc-16e">
         <name>.text</name>
         <load_address>0xc500</load_address>
         <run_address>0xc500</run_address>
         <size>0x88</size>
         <input_file_ref idref="fl-2e"/>
      </object_component>
      <object_component id="oc-1b3">
         <name>.text</name>
         <load_address>0xc588</load_address>
         <run_address>0xc588</run_address>
         <size>0x83</size>
         <input_file_ref idref="fl-3b"/>
      </object_component>
      <object_component id="oc-266">
         <name>.text</name>
         <load_address>0xc60b</load_address>
         <run_address>0xc60b</run_address>
         <size>0x7c</size>
         <input_file_ref idref="fl-5"/>
      </object_component>
      <object_component id="oc-274">
         <name>.text</name>
         <load_address>0xc687</load_address>
         <run_address>0xc687</run_address>
         <size>0x5a</size>
         <input_file_ref idref="fl-4e"/>
      </object_component>
      <object_component id="oc-90">
         <name>.text</name>
         <load_address>0xc6e1</load_address>
         <run_address>0xc6e1</run_address>
         <size>0x56</size>
         <input_file_ref idref="fl-2d"/>
      </object_component>
      <object_component id="oc-26c">
         <name>.text</name>
         <load_address>0xc737</load_address>
         <run_address>0xc737</run_address>
         <size>0x31</size>
         <input_file_ref idref="fl-48"/>
      </object_component>
      <object_component id="oc-273">
         <name>.text</name>
         <load_address>0xc768</load_address>
         <run_address>0xc768</run_address>
         <size>0x30</size>
         <input_file_ref idref="fl-47"/>
      </object_component>
      <object_component id="oc-241">
         <name>.text</name>
         <load_address>0xc798</load_address>
         <run_address>0xc798</run_address>
         <size>0x30</size>
         <input_file_ref idref="fl-2c"/>
      </object_component>
      <object_component id="oc-1ae">
         <name>.text</name>
         <load_address>0xc7c8</load_address>
         <run_address>0xc7c8</run_address>
         <size>0x2a</size>
         <input_file_ref idref="fl-3a"/>
      </object_component>
      <object_component id="oc-178">
         <name>.text</name>
         <load_address>0xc7f2</load_address>
         <run_address>0xc7f2</run_address>
         <size>0x2a</size>
         <input_file_ref idref="fl-30"/>
      </object_component>
      <object_component id="oc-232">
         <name>.text</name>
         <load_address>0xc81c</load_address>
         <run_address>0xc81c</run_address>
         <size>0x29</size>
         <input_file_ref idref="fl-35"/>
      </object_component>
      <object_component id="oc-264">
         <name>.text</name>
         <load_address>0xc845</load_address>
         <run_address>0xc845</run_address>
         <size>0x28</size>
         <input_file_ref idref="fl-a"/>
      </object_component>
      <object_component id="oc-265">
         <name>.text</name>
         <load_address>0xc86d</load_address>
         <run_address>0xc86d</run_address>
         <size>0x26</size>
         <input_file_ref idref="fl-b"/>
      </object_component>
      <object_component id="oc-22f">
         <name>.text</name>
         <load_address>0xc893</load_address>
         <run_address>0xc893</run_address>
         <size>0x24</size>
         <input_file_ref idref="fl-31"/>
      </object_component>
      <object_component id="oc-277">
         <name>.text</name>
         <load_address>0xc8b7</load_address>
         <run_address>0xc8b7</run_address>
         <size>0x24</size>
         <input_file_ref idref="fl-50"/>
      </object_component>
      <object_component id="oc-1c2">
         <name>.text</name>
         <load_address>0xc8db</load_address>
         <run_address>0xc8db</run_address>
         <size>0x21</size>
         <input_file_ref idref="fl-3e"/>
      </object_component>
      <object_component id="oc-1d1">
         <name>.text</name>
         <load_address>0xc8fc</load_address>
         <run_address>0xc8fc</run_address>
         <size>0x1e</size>
         <input_file_ref idref="fl-41"/>
      </object_component>
      <object_component id="oc-1db">
         <name>.text</name>
         <load_address>0xc91a</load_address>
         <run_address>0xc91a</run_address>
         <size>0x1d</size>
         <input_file_ref idref="fl-43"/>
      </object_component>
      <object_component id="oc-23c">
         <name>.text</name>
         <load_address>0xc937</load_address>
         <run_address>0xc937</run_address>
         <size>0x1d</size>
         <input_file_ref idref="fl-32"/>
      </object_component>
      <object_component id="oc-1e5">
         <name>.text</name>
         <load_address>0xc954</load_address>
         <run_address>0xc954</run_address>
         <size>0x1c</size>
         <input_file_ref idref="fl-45"/>
      </object_component>
      <object_component id="oc-1e0">
         <name>.text</name>
         <load_address>0xc970</load_address>
         <run_address>0xc970</run_address>
         <size>0x1c</size>
         <input_file_ref idref="fl-44"/>
      </object_component>
      <object_component id="oc-1cc">
         <name>.text</name>
         <load_address>0xc98c</load_address>
         <run_address>0xc98c</run_address>
         <size>0x18</size>
         <input_file_ref idref="fl-40"/>
      </object_component>
      <object_component id="oc-231">
         <name>.text</name>
         <load_address>0xc9a4</load_address>
         <run_address>0xc9a4</run_address>
         <size>0x12</size>
         <input_file_ref idref="fl-37"/>
      </object_component>
      <object_component id="oc-270">
         <name>.text</name>
         <load_address>0xc9b6</load_address>
         <run_address>0xc9b6</run_address>
         <size>0x10</size>
         <input_file_ref idref="fl-4a"/>
      </object_component>
      <object_component id="oc-1bd">
         <name>.text</name>
         <load_address>0xc9c6</load_address>
         <run_address>0xc9c6</run_address>
         <size>0xe</size>
         <input_file_ref idref="fl-3d"/>
      </object_component>
      <object_component id="oc-276">
         <name>.text</name>
         <load_address>0xc9d4</load_address>
         <run_address>0xc9d4</run_address>
         <size>0xc</size>
         <input_file_ref idref="fl-4c"/>
      </object_component>
      <object_component id="oc-173">
         <name>.text</name>
         <load_address>0xc9e0</load_address>
         <run_address>0xc9e0</run_address>
         <size>0xb</size>
         <input_file_ref idref="fl-2f"/>
      </object_component>
      <object_component id="oc-267">
         <name>.text</name>
         <load_address>0xc9eb</load_address>
         <run_address>0xc9eb</run_address>
         <size>0x9</size>
         <input_file_ref idref="fl-36"/>
      </object_component>
      <object_component id="oc-1b8">
         <name>.text</name>
         <load_address>0xc9f4</load_address>
         <run_address>0xc9f4</run_address>
         <size>0x9</size>
         <input_file_ref idref="fl-3c"/>
      </object_component>
      <object_component id="oc-271">
         <name>.text</name>
         <load_address>0xc9fd</load_address>
         <run_address>0xc9fd</run_address>
         <size>0x9</size>
         <input_file_ref idref="fl-51"/>
      </object_component>
      <object_component id="oc-9e">
         <name>.text</name>
         <load_address>0xca06</load_address>
         <run_address>0xca06</run_address>
         <size>0x8</size>
         <input_file_ref idref="fl-4"/>
      </object_component>
      <object_component id="oc-242">
         <name>.text</name>
         <load_address>0xca0e</load_address>
         <run_address>0xca0e</run_address>
         <size>0x8</size>
         <input_file_ref idref="fl-38"/>
      </object_component>
      <object_component id="oc-26d">
         <name>.text</name>
         <load_address>0xca16</load_address>
         <run_address>0xca16</run_address>
         <size>0x7</size>
         <input_file_ref idref="fl-4b"/>
      </object_component>
      <object_component id="oc-26e">
         <name>.text</name>
         <load_address>0xca1d</load_address>
         <run_address>0xca1d</run_address>
         <size>0x5</size>
         <input_file_ref idref="fl-4d"/>
      </object_component>
      <object_component id="oc-22e">
         <name>.text</name>
         <load_address>0xca22</load_address>
         <run_address>0xca22</run_address>
         <size>0x2</size>
         <input_file_ref idref="fl-33"/>
      </object_component>
      <object_component id="oc-92">
         <name>.cinit</name>
         <load_address>0xb000</load_address>
         <run_address>0xb000</run_address>
         <size>0x64</size>
         <input_file_ref idref="fl-2"/>
      </object_component>
      <object_component id="oc-146">
         <name>.cinit</name>
         <load_address>0xb064</load_address>
         <run_address>0xb064</run_address>
         <size>0x20</size>
         <input_file_ref idref="fl-10"/>
      </object_component>
      <object_component id="oc-244">
         <name>.cinit:_LED_0</name>
         <load_address>0xb084</load_address>
         <run_address>0xb084</run_address>
         <size>0x12</size>
         <input_file_ref idref="fl-f"/>
      </object_component>
      <object_component id="oc-246">
         <name>.cinit:_LED_1</name>
         <load_address>0xb096</load_address>
         <run_address>0xb096</run_address>
         <size>0x12</size>
         <input_file_ref idref="fl-f"/>
      </object_component>
      <object_component id="oc-248">
         <name>.cinit:_LED_2</name>
         <load_address>0xb0a8</load_address>
         <run_address>0xb0a8</run_address>
         <size>0x12</size>
         <input_file_ref idref="fl-f"/>
      </object_component>
      <object_component id="oc-24a">
         <name>.cinit:_LED_3</name>
         <load_address>0xb0ba</load_address>
         <run_address>0xb0ba</run_address>
         <size>0x12</size>
         <input_file_ref idref="fl-f"/>
      </object_component>
      <object_component id="oc-24c">
         <name>.cinit:_LED_4</name>
         <load_address>0xb0cc</load_address>
         <run_address>0xb0cc</run_address>
         <size>0x12</size>
         <input_file_ref idref="fl-f"/>
      </object_component>
      <object_component id="oc-24e">
         <name>.cinit:_LED_5</name>
         <load_address>0xb0de</load_address>
         <run_address>0xb0de</run_address>
         <size>0x12</size>
         <input_file_ref idref="fl-f"/>
      </object_component>
      <object_component id="oc-250">
         <name>.cinit:_LED_6</name>
         <load_address>0xb0f0</load_address>
         <run_address>0xb0f0</run_address>
         <size>0x12</size>
         <input_file_ref idref="fl-f"/>
      </object_component>
      <object_component id="oc-252">
         <name>.cinit:_LED_7</name>
         <load_address>0xb102</load_address>
         <run_address>0xb102</run_address>
         <size>0x12</size>
         <input_file_ref idref="fl-f"/>
      </object_component>
      <object_component id="oc-254">
         <name>.cinit:_LED_8</name>
         <load_address>0xb114</load_address>
         <run_address>0xb114</run_address>
         <size>0x12</size>
         <input_file_ref idref="fl-f"/>
      </object_component>
      <object_component id="oc-256">
         <name>.cinit:_LED_9</name>
         <load_address>0xb126</load_address>
         <run_address>0xb126</run_address>
         <size>0x12</size>
         <input_file_ref idref="fl-f"/>
      </object_component>
      <object_component id="oc-258">
         <name>.cinit:_LED_A</name>
         <load_address>0xb138</load_address>
         <run_address>0xb138</run_address>
         <size>0x12</size>
         <input_file_ref idref="fl-f"/>
      </object_component>
      <object_component id="oc-25a">
         <name>.cinit:_LED_B</name>
         <load_address>0xb14a</load_address>
         <run_address>0xb14a</run_address>
         <size>0x12</size>
         <input_file_ref idref="fl-f"/>
      </object_component>
      <object_component id="oc-25c">
         <name>.cinit:_LED_C</name>
         <load_address>0xb15c</load_address>
         <run_address>0xb15c</run_address>
         <size>0x12</size>
         <input_file_ref idref="fl-f"/>
      </object_component>
      <object_component id="oc-25e">
         <name>.cinit:_LED_D</name>
         <load_address>0xb16e</load_address>
         <run_address>0xb16e</run_address>
         <size>0x12</size>
         <input_file_ref idref="fl-f"/>
      </object_component>
      <object_component id="oc-260">
         <name>.cinit:_LED_E</name>
         <load_address>0xb180</load_address>
         <run_address>0xb180</run_address>
         <size>0x12</size>
         <input_file_ref idref="fl-f"/>
      </object_component>
      <object_component id="oc-262">
         <name>.cinit:_LED_F</name>
         <load_address>0xb192</load_address>
         <run_address>0xb192</run_address>
         <size>0x12</size>
         <input_file_ref idref="fl-f"/>
      </object_component>
      <object_component id="oc-14f">
         <name>.cinit</name>
         <load_address>0xb1a4</load_address>
         <run_address>0xb1a4</run_address>
         <size>0xf</size>
         <input_file_ref idref="fl-11"/>
      </object_component>
      <object_component id="oc-192">
         <name>.cinit</name>
         <load_address>0xb1b3</load_address>
         <run_address>0xb1b3</run_address>
         <size>0xe</size>
         <input_file_ref idref="fl-35"/>
      </object_component>
      <object_component id="oc-23e">
         <name>.cinit:__lock</name>
         <load_address>0xb1c1</load_address>
         <run_address>0xb1c1</run_address>
         <size>0x5</size>
         <input_file_ref idref="fl-36"/>
      </object_component>
      <object_component id="oc-268">
         <name>.cinit:__unlock</name>
         <load_address>0xb1c6</load_address>
         <run_address>0xb1c6</run_address>
         <size>0x5</size>
         <input_file_ref idref="fl-36"/>
      </object_component>
      <object_component id="oc-22b">
         <name>.cinit</name>
         <load_address>0xb1cb</load_address>
         <run_address>0xb1cb</run_address>
         <size>0x4</size>
         <input_file_ref idref="fl-53"/>
      </object_component>
      <object_component id="oc-169">
         <name>.reset</name>
         <load_address>0x3fffc0</load_address>
         <run_address>0x3fffc0</run_address>
         <size>0x2</size>
         <input_file_ref idref="fl-2d"/>
      </object_component>
      <object_component id="oc-168">
         <name>.stack</name>
         <uninitialized>true</uninitialized>
         <run_address>0xb800</run_address>
         <size>0x0</size>
         <input_file_ref idref="fl-2d"/>
      </object_component>
      <object_component id="oc-30d">
         <name>.stack</name>
         <uninitialized>true</uninitialized>
         <run_address>0xb800</run_address>
         <size>0x0</size>
      </object_component>
      <object_component id="oc-93">
         <name>.ebss</name>
         <uninitialized>true</uninitialized>
         <run_address>0x15000</run_address>
         <size>0x886</size>
         <input_file_ref idref="fl-2"/>
      </object_component>
      <object_component id="oc-237">
         <name>.ebss:_Optitrackdata</name>
         <uninitialized>true</uninitialized>
         <run_address>0x15d36</run_address>
         <size>0xa</size>
         <input_file_ref idref="fl-2"/>
      </object_component>
      <object_component id="oc-238">
         <name>.ebss:_fromLVvalues</name>
         <uninitialized>true</uninitialized>
         <run_address>0x15d40</run_address>
         <size>0x10</size>
         <input_file_ref idref="fl-2"/>
      </object_component>
      <object_component id="oc-234">
         <name>.ebss:_fromCAMvaluesThreshold1</name>
         <uninitialized>true</uninitialized>
         <run_address>0x15d12</run_address>
         <size>0x12</size>
         <input_file_ref idref="fl-2"/>
      </object_component>
      <object_component id="oc-235">
         <name>.ebss:_fromCAMvaluesThreshold2</name>
         <uninitialized>true</uninitialized>
         <run_address>0x15d24</run_address>
         <size>0x12</size>
         <input_file_ref idref="fl-2"/>
      </object_component>
      <object_component id="oc-239">
         <name>.ebss:_LinuxCommands</name>
         <uninitialized>true</uninitialized>
         <run_address>0x1589e</run_address>
         <size>0x16</size>
         <input_file_ref idref="fl-2"/>
      </object_component>
      <object_component id="oc-236">
         <name>.ebss:_path_received</name>
         <uninitialized>true</uninitialized>
         <run_address>0x15cc0</run_address>
         <size>0x51</size>
         <input_file_ref idref="fl-2"/>
      </object_component>
      <object_component id="oc-240">
         <name>.ebss:_serial_printf_bufSCIA</name>
         <uninitialized>true</uninitialized>
         <run_address>0x158c0</run_address>
         <size>0x400</size>
         <input_file_ref idref="fl-2"/>
      </object_component>
      <object_component id="oc-a5">
         <name>.ebss</name>
         <uninitialized>true</uninitialized>
         <run_address>0x15886</run_address>
         <size>0x18</size>
         <input_file_ref idref="fl-5"/>
      </object_component>
      <object_component id="oc-243">
         <name>.ebss:_LED_0</name>
         <uninitialized>true</uninitialized>
         <run_address>0x15d50</run_address>
         <size>0xf</size>
         <input_file_ref idref="fl-f"/>
      </object_component>
      <object_component id="oc-245">
         <name>.ebss:_LED_1</name>
         <uninitialized>true</uninitialized>
         <run_address>0x15d5f</run_address>
         <size>0xf</size>
         <input_file_ref idref="fl-f"/>
      </object_component>
      <object_component id="oc-247">
         <name>.ebss:_LED_2</name>
         <uninitialized>true</uninitialized>
         <run_address>0x15d6e</run_address>
         <size>0xf</size>
         <input_file_ref idref="fl-f"/>
      </object_component>
      <object_component id="oc-249">
         <name>.ebss:_LED_3</name>
         <uninitialized>true</uninitialized>
         <run_address>0x15d80</run_address>
         <size>0xf</size>
         <input_file_ref idref="fl-f"/>
      </object_component>
      <object_component id="oc-24b">
         <name>.ebss:_LED_4</name>
         <uninitialized>true</uninitialized>
         <run_address>0x15d8f</run_address>
         <size>0xf</size>
         <input_file_ref idref="fl-f"/>
      </object_component>
      <object_component id="oc-24d">
         <name>.ebss:_LED_5</name>
         <uninitialized>true</uninitialized>
         <run_address>0x15d9e</run_address>
         <size>0xf</size>
         <input_file_ref idref="fl-f"/>
      </object_component>
      <object_component id="oc-24f">
         <name>.ebss:_LED_6</name>
         <uninitialized>true</uninitialized>
         <run_address>0x15dad</run_address>
         <size>0xf</size>
         <input_file_ref idref="fl-f"/>
      </object_component>
      <object_component id="oc-251">
         <name>.ebss:_LED_7</name>
         <uninitialized>true</uninitialized>
         <run_address>0x15dc0</run_address>
         <size>0xf</size>
         <input_file_ref idref="fl-f"/>
      </object_component>
      <object_component id="oc-253">
         <name>.ebss:_LED_8</name>
         <uninitialized>true</uninitialized>
         <run_address>0x15dcf</run_address>
         <size>0xf</size>
         <input_file_ref idref="fl-f"/>
      </object_component>
      <object_component id="oc-255">
         <name>.ebss:_LED_9</name>
         <uninitialized>true</uninitialized>
         <run_address>0x15dde</run_address>
         <size>0xf</size>
         <input_file_ref idref="fl-f"/>
      </object_component>
      <object_component id="oc-257">
         <name>.ebss:_LED_A</name>
         <uninitialized>true</uninitialized>
         <run_address>0x15ded</run_address>
         <size>0xf</size>
         <input_file_ref idref="fl-f"/>
      </object_component>
      <object_component id="oc-259">
         <name>.ebss:_LED_B</name>
         <uninitialized>true</uninitialized>
         <run_address>0x15e00</run_address>
         <size>0xf</size>
         <input_file_ref idref="fl-f"/>
      </object_component>
      <object_component id="oc-25b">
         <name>.ebss:_LED_C</name>
         <uninitialized>true</uninitialized>
         <run_address>0x15e0f</run_address>
         <size>0xf</size>
         <input_file_ref idref="fl-f"/>
      </object_component>
      <object_component id="oc-25d">
         <name>.ebss:_LED_D</name>
         <uninitialized>true</uninitialized>
         <run_address>0x15e1e</run_address>
         <size>0xf</size>
         <input_file_ref idref="fl-f"/>
      </object_component>
      <object_component id="oc-25f">
         <name>.ebss:_LED_E</name>
         <uninitialized>true</uninitialized>
         <run_address>0x15e2d</run_address>
         <size>0xf</size>
         <input_file_ref idref="fl-f"/>
      </object_component>
      <object_component id="oc-261">
         <name>.ebss:_LED_F</name>
         <uninitialized>true</uninitialized>
         <run_address>0x15e40</run_address>
         <size>0xf</size>
         <input_file_ref idref="fl-f"/>
      </object_component>
      <object_component id="oc-147">
         <name>.ebss</name>
         <uninitialized>true</uninitialized>
         <run_address>0x158b4</run_address>
         <size>0xc</size>
         <input_file_ref idref="fl-10"/>
      </object_component>
      <object_component id="oc-150">
         <name>.ebss</name>
         <uninitialized>true</uninitialized>
         <run_address>0x15e50</run_address>
         <size>0x6</size>
         <input_file_ref idref="fl-11"/>
      </object_component>
      <object_component id="oc-193">
         <name>.ebss</name>
         <uninitialized>true</uninitialized>
         <run_address>0x15e56</run_address>
         <size>0x6</size>
         <input_file_ref idref="fl-35"/>
      </object_component>
      <object_component id="oc-23d">
         <name>.ebss:__lock</name>
         <uninitialized>true</uninitialized>
         <run_address>0x15d7e</run_address>
         <size>0x2</size>
         <input_file_ref idref="fl-36"/>
      </object_component>
      <object_component id="oc-26b">
         <name>.ebss:__unlock</name>
         <uninitialized>true</uninitialized>
         <run_address>0x15dbc</run_address>
         <size>0x2</size>
         <input_file_ref idref="fl-36"/>
      </object_component>
      <object_component id="oc-22c">
         <name>.ebss</name>
         <uninitialized>true</uninitialized>
         <run_address>0x15d11</run_address>
         <size>0x1</size>
         <input_file_ref idref="fl-53"/>
      </object_component>
      <object_component id="oc-26a">
         <name>.econst:_PieVectTableInit</name>
         <load_address>0xa800</load_address>
         <run_address>0xa800</run_address>
         <size>0x1c0</size>
         <input_file_ref idref="fl-b"/>
      </object_component>
      <object_component id="oc-272">
         <name>.econst:.string:__ctypes_</name>
         <load_address>0xa9c0</load_address>
         <run_address>0xa9c0</run_address>
         <size>0x101</size>
         <input_file_ref idref="fl-49"/>
      </object_component>
      <object_component id="oc-15e">
         <name>.econst:.string</name>
         <load_address>0xaac2</load_address>
         <run_address>0xaac2</run_address>
         <size>0xc2</size>
         <input_file_ref idref="fl-20"/>
      </object_component>
      <object_component id="oc-157">
         <name>.econst:.string</name>
         <load_address>0xab84</load_address>
         <run_address>0xab84</run_address>
         <size>0xbc</size>
         <input_file_ref idref="fl-1f"/>
      </object_component>
      <object_component id="oc-149">
         <name>.econst:.string</name>
         <load_address>0xac40</load_address>
         <run_address>0xac40</run_address>
         <size>0x4e</size>
         <input_file_ref idref="fl-10"/>
      </object_component>
      <object_component id="oc-1a9">
         <name>.econst:.string</name>
         <load_address>0xac8e</load_address>
         <run_address>0xac8e</run_address>
         <size>0x26</size>
         <input_file_ref idref="fl-39"/>
      </object_component>
      <object_component id="oc-1a8">
         <name>.econst</name>
         <load_address>0xacb4</load_address>
         <run_address>0xacb4</run_address>
         <size>0x1c</size>
         <input_file_ref idref="fl-39"/>
      </object_component>
      <object_component id="oc-216">
         <name>.econst</name>
         <load_address>0xacd0</load_address>
         <run_address>0xacd0</run_address>
         <size>0x1c</size>
         <input_file_ref idref="fl-4f"/>
      </object_component>
      <object_component id="oc-151">
         <name>.econst:.string</name>
         <load_address>0xacec</load_address>
         <run_address>0xacec</run_address>
         <size>0x13</size>
         <input_file_ref idref="fl-11"/>
      </object_component>
      <object_component id="oc-210">
         <name>.econst</name>
         <load_address>0xad00</load_address>
         <run_address>0xad00</run_address>
         <size>0x8</size>
         <input_file_ref idref="fl-4e"/>
      </object_component>
      <object_component id="oc-13b">
         <name>.TI.ramfunc</name>
         <load_address>0x123</load_address>
         <run_address>0x123</run_address>
         <size>0x4</size>
         <input_file_ref idref="fl-e"/>
      </object_component>
      <object_component id="oc-15d">
         <name>.TI.ramfunc</name>
         <load_address>0x127</load_address>
         <run_address>0x127</run_address>
         <size>0x4</size>
         <input_file_ref idref="fl-20"/>
      </object_component>
      <object_component id="oc-120">
         <name>PieVectTableFile</name>
         <uninitialized>true</uninitialized>
         <run_address>0xd00</run_address>
         <size>0x1c0</size>
         <input_file_ref idref="fl-8"/>
      </object_component>
      <object_component id="oc-f0">
         <name>AccessProtectionRegsFile</name>
         <uninitialized>true</uninitialized>
         <run_address>0x5f4c0</run_address>
         <size>0x2e</size>
         <input_file_ref idref="fl-8"/>
      </object_component>
      <object_component id="oc-105">
         <name>AdcaRegsFile</name>
         <uninitialized>true</uninitialized>
         <run_address>0x7400</run_address>
         <size>0x7c</size>
         <input_file_ref idref="fl-8"/>
      </object_component>
      <object_component id="oc-106">
         <name>AdcbRegsFile</name>
         <uninitialized>true</uninitialized>
         <run_address>0x7480</run_address>
         <size>0x7c</size>
         <input_file_ref idref="fl-8"/>
      </object_component>
      <object_component id="oc-107">
         <name>AdccRegsFile</name>
         <uninitialized>true</uninitialized>
         <run_address>0x7500</run_address>
         <size>0x7c</size>
         <input_file_ref idref="fl-8"/>
      </object_component>
      <object_component id="oc-108">
         <name>AdcdRegsFile</name>
         <uninitialized>true</uninitialized>
         <run_address>0x7580</run_address>
         <size>0x7c</size>
         <input_file_ref idref="fl-8"/>
      </object_component>
      <object_component id="oc-cd">
         <name>AdcaResultRegsFile</name>
         <uninitialized>true</uninitialized>
         <run_address>0xb00</run_address>
         <size>0x18</size>
         <input_file_ref idref="fl-8"/>
      </object_component>
      <object_component id="oc-ce">
         <name>AdcbResultRegsFile</name>
         <uninitialized>true</uninitialized>
         <run_address>0xb20</run_address>
         <size>0x18</size>
         <input_file_ref idref="fl-8"/>
      </object_component>
      <object_component id="oc-cf">
         <name>AdccResultRegsFile</name>
         <uninitialized>true</uninitialized>
         <run_address>0xb40</run_address>
         <size>0x18</size>
         <input_file_ref idref="fl-8"/>
      </object_component>
      <object_component id="oc-d0">
         <name>AdcdResultRegsFile</name>
         <uninitialized>true</uninitialized>
         <run_address>0xb60</run_address>
         <size>0x18</size>
         <input_file_ref idref="fl-8"/>
      </object_component>
      <object_component id="oc-f4">
         <name>AnalogSubsysRegsFile</name>
         <uninitialized>true</uninitialized>
         <run_address>0x5d180</run_address>
         <size>0x3e</size>
         <input_file_ref idref="fl-8"/>
      </object_component>
      <object_component id="oc-11c">
         <name>CanaRegsFile</name>
         <uninitialized>true</uninitialized>
         <run_address>0x48000</run_address>
         <size>0x164</size>
         <input_file_ref idref="fl-8"/>
      </object_component>
      <object_component id="oc-11d">
         <name>CanbRegsFile</name>
         <uninitialized>true</uninitialized>
         <run_address>0x4a000</run_address>
         <size>0x164</size>
         <input_file_ref idref="fl-8"/>
      </object_component>
      <object_component id="oc-f5">
         <name>Cla1RegsFile</name>
         <uninitialized>true</uninitialized>
         <run_address>0x1400</run_address>
         <size>0x3e</size>
         <input_file_ref idref="fl-8"/>
      </object_component>
      <object_component id="oc-117">
         <name>Clb1DataExchRegsFile</name>
         <uninitialized>true</uninitialized>
         <run_address>0x3200</run_address>
         <size>0x108</size>
         <input_file_ref idref="fl-8"/>
      </object_component>
      <object_component id="oc-118">
         <name>Clb2DataExchRegsFile</name>
         <uninitialized>true</uninitialized>
         <run_address>0x3600</run_address>
         <size>0x108</size>
         <input_file_ref idref="fl-8"/>
      </object_component>
      <object_component id="oc-119">
         <name>Clb3DataExchRegsFile</name>
         <uninitialized>true</uninitialized>
         <run_address>0x3a00</run_address>
         <size>0x108</size>
         <input_file_ref idref="fl-8"/>
      </object_component>
      <object_component id="oc-11a">
         <name>Clb4DataExchRegsFile</name>
         <uninitialized>true</uninitialized>
         <run_address>0x3e00</run_address>
         <size>0x108</size>
         <input_file_ref idref="fl-8"/>
      </object_component>
      <object_component id="oc-f6">
         <name>Clb1LogicCfgRegsFile</name>
         <uninitialized>true</uninitialized>
         <run_address>0x3000</run_address>
         <size>0x3e</size>
         <input_file_ref idref="fl-8"/>
      </object_component>
      <object_component id="oc-f7">
         <name>Clb2LogicCfgRegsFile</name>
         <uninitialized>true</uninitialized>
         <run_address>0x3400</run_address>
         <size>0x3e</size>
         <input_file_ref idref="fl-8"/>
      </object_component>
      <object_component id="oc-f8">
         <name>Clb3LogicCfgRegsFile</name>
         <uninitialized>true</uninitialized>
         <run_address>0x3800</run_address>
         <size>0x3e</size>
         <input_file_ref idref="fl-8"/>
      </object_component>
      <object_component id="oc-f9">
         <name>Clb4LogicCfgRegsFile</name>
         <uninitialized>true</uninitialized>
         <run_address>0x3c00</run_address>
         <size>0x3e</size>
         <input_file_ref idref="fl-8"/>
      </object_component>
      <object_component id="oc-fa">
         <name>Clb1LogicCtrlRegsFile</name>
         <uninitialized>true</uninitialized>
         <run_address>0x3100</run_address>
         <size>0x40</size>
         <input_file_ref idref="fl-8"/>
      </object_component>
      <object_component id="oc-fb">
         <name>Clb2LogicCtrlRegsFile</name>
         <uninitialized>true</uninitialized>
         <run_address>0x3500</run_address>
         <size>0x40</size>
         <input_file_ref idref="fl-8"/>
      </object_component>
      <object_component id="oc-fc">
         <name>Clb3LogicCtrlRegsFile</name>
         <uninitialized>true</uninitialized>
         <run_address>0x3900</run_address>
         <size>0x40</size>
         <input_file_ref idref="fl-8"/>
      </object_component>
      <object_component id="oc-fd">
         <name>Clb4LogicCtrlRegsFile</name>
         <uninitialized>true</uninitialized>
         <run_address>0x3d00</run_address>
         <size>0x40</size>
         <input_file_ref idref="fl-8"/>
      </object_component>
      <object_component id="oc-fe">
         <name>ClbXbarRegsFile</name>
         <uninitialized>true</uninitialized>
         <run_address>0x7a40</run_address>
         <size>0x40</size>
         <input_file_ref idref="fl-8"/>
      </object_component>
      <object_component id="oc-f2">
         <name>ClkCfgRegsFile</name>
         <uninitialized>true</uninitialized>
         <run_address>0x5d200</run_address>
         <size>0x32</size>
         <input_file_ref idref="fl-8"/>
      </object_component>
      <object_component id="oc-d9">
         <name>Cmpss1RegsFile</name>
         <uninitialized>true</uninitialized>
         <run_address>0x5c80</run_address>
         <size>0x1b</size>
         <input_file_ref idref="fl-8"/>
      </object_component>
      <object_component id="oc-da">
         <name>Cmpss2RegsFile</name>
         <uninitialized>true</uninitialized>
         <run_address>0x5ca0</run_address>
         <size>0x1b</size>
         <input_file_ref idref="fl-8"/>
      </object_component>
      <object_component id="oc-db">
         <name>Cmpss3RegsFile</name>
         <uninitialized>true</uninitialized>
         <run_address>0x5cc0</run_address>
         <size>0x1b</size>
         <input_file_ref idref="fl-8"/>
      </object_component>
      <object_component id="oc-dc">
         <name>Cmpss4RegsFile</name>
         <uninitialized>true</uninitialized>
         <run_address>0x5ce0</run_address>
         <size>0x1b</size>
         <input_file_ref idref="fl-8"/>
      </object_component>
      <object_component id="oc-dd">
         <name>Cmpss5RegsFile</name>
         <uninitialized>true</uninitialized>
         <run_address>0x5d00</run_address>
         <size>0x1b</size>
         <input_file_ref idref="fl-8"/>
      </object_component>
      <object_component id="oc-de">
         <name>Cmpss6RegsFile</name>
         <uninitialized>true</uninitialized>
         <run_address>0x5d20</run_address>
         <size>0x1b</size>
         <input_file_ref idref="fl-8"/>
      </object_component>
      <object_component id="oc-df">
         <name>Cmpss7RegsFile</name>
         <uninitialized>true</uninitialized>
         <run_address>0x5d40</run_address>
         <size>0x1b</size>
         <input_file_ref idref="fl-8"/>
      </object_component>
      <object_component id="oc-e0">
         <name>Cmpss8RegsFile</name>
         <uninitialized>true</uninitialized>
         <run_address>0x5d60</run_address>
         <size>0x1b</size>
         <input_file_ref idref="fl-8"/>
      </object_component>
      <object_component id="oc-bf">
         <name>CpuTimer0RegsFile</name>
         <uninitialized>true</uninitialized>
         <run_address>0xc00</run_address>
         <size>0x8</size>
         <input_file_ref idref="fl-8"/>
      </object_component>
      <object_component id="oc-c0">
         <name>CpuTimer1RegsFile</name>
         <uninitialized>true</uninitialized>
         <run_address>0xc08</run_address>
         <size>0x8</size>
         <input_file_ref idref="fl-8"/>
      </object_component>
      <object_component id="oc-c1">
         <name>CpuTimer2RegsFile</name>
         <uninitialized>true</uninitialized>
         <run_address>0xc10</run_address>
         <size>0x8</size>
         <input_file_ref idref="fl-8"/>
      </object_component>
      <object_component id="oc-109">
         <name>CpuSysRegsFile</name>
         <uninitialized>true</uninitialized>
         <run_address>0x5d300</run_address>
         <size>0x82</size>
         <input_file_ref idref="fl-8"/>
      </object_component>
      <object_component id="oc-bb">
         <name>DacaRegsFile</name>
         <uninitialized>true</uninitialized>
         <run_address>0x5c00</run_address>
         <size>0x7</size>
         <input_file_ref idref="fl-8"/>
      </object_component>
      <object_component id="oc-bc">
         <name>DacbRegsFile</name>
         <uninitialized>true</uninitialized>
         <run_address>0x5c10</run_address>
         <size>0x7</size>
         <input_file_ref idref="fl-8"/>
      </object_component>
      <object_component id="oc-bd">
         <name>DaccRegsFile</name>
         <uninitialized>true</uninitialized>
         <run_address>0x5c20</run_address>
         <size>0x7</size>
         <input_file_ref idref="fl-8"/>
      </object_component>
      <object_component id="oc-b9">
         <name>DcsmCommonRegsFile</name>
         <uninitialized>true</uninitialized>
         <run_address>0x5f070</run_address>
         <size>0x6</size>
         <input_file_ref idref="fl-8"/>
      </object_component>
      <object_component id="oc-e2">
         <name>DcsmZ1RegsFile</name>
         <uninitialized>true</uninitialized>
         <run_address>0x5f000</run_address>
         <size>0x22</size>
         <input_file_ref idref="fl-8"/>
      </object_component>
      <object_component id="oc-e3">
         <name>DcsmZ2RegsFile</name>
         <uninitialized>true</uninitialized>
         <run_address>0x5f040</run_address>
         <size>0x22</size>
         <input_file_ref idref="fl-8"/>
      </object_component>
      <object_component id="oc-11b">
         <name>DevCfgRegsFile</name>
         <uninitialized>true</uninitialized>
         <run_address>0x5d000</run_address>
         <size>0x12e</size>
         <input_file_ref idref="fl-8"/>
      </object_component>
      <object_component id="oc-d1">
         <name>DmaClaSrcSelRegsFile</name>
         <uninitialized>true</uninitialized>
         <run_address>0x7980</run_address>
         <size>0x1a</size>
         <input_file_ref idref="fl-8"/>
      </object_component>
      <object_component id="oc-10a">
         <name>DmaRegsFile</name>
         <uninitialized>true</uninitialized>
         <run_address>0x1000</run_address>
         <size>0xe0</size>
         <input_file_ref idref="fl-8"/>
      </object_component>
      <object_component id="oc-d2">
         <name>ECap1RegsFile</name>
         <uninitialized>true</uninitialized>
         <run_address>0x5000</run_address>
         <size>0x1a</size>
         <input_file_ref idref="fl-8"/>
      </object_component>
      <object_component id="oc-d3">
         <name>ECap2RegsFile</name>
         <uninitialized>true</uninitialized>
         <run_address>0x5020</run_address>
         <size>0x1a</size>
         <input_file_ref idref="fl-8"/>
      </object_component>
      <object_component id="oc-d4">
         <name>ECap3RegsFile</name>
         <uninitialized>true</uninitialized>
         <run_address>0x5040</run_address>
         <size>0x1a</size>
         <input_file_ref idref="fl-8"/>
      </object_component>
      <object_component id="oc-d5">
         <name>ECap4RegsFile</name>
         <uninitialized>true</uninitialized>
         <run_address>0x5060</run_address>
         <size>0x1a</size>
         <input_file_ref idref="fl-8"/>
      </object_component>
      <object_component id="oc-d6">
         <name>ECap5RegsFile</name>
         <uninitialized>true</uninitialized>
         <run_address>0x5080</run_address>
         <size>0x1a</size>
         <input_file_ref idref="fl-8"/>
      </object_component>
      <object_component id="oc-d7">
         <name>ECap6RegsFile</name>
         <uninitialized>true</uninitialized>
         <run_address>0x50a0</run_address>
         <size>0x1a</size>
         <input_file_ref idref="fl-8"/>
      </object_component>
      <object_component id="oc-c2">
         <name>Emif1ConfigRegsFile</name>
         <uninitialized>true</uninitialized>
         <run_address>0x5f480</run_address>
         <size>0xa</size>
         <input_file_ref idref="fl-8"/>
      </object_component>
      <object_component id="oc-c3">
         <name>Emif2ConfigRegsFile</name>
         <uninitialized>true</uninitialized>
         <run_address>0x5f4a0</run_address>
         <size>0xa</size>
         <input_file_ref idref="fl-8"/>
      </object_component>
      <object_component id="oc-ec">
         <name>Emif1RegsFile</name>
         <uninitialized>true</uninitialized>
         <run_address>0x47000</run_address>
         <size>0x28</size>
         <input_file_ref idref="fl-8"/>
      </object_component>
      <object_component id="oc-ed">
         <name>Emif2RegsFile</name>
         <uninitialized>true</uninitialized>
         <run_address>0x47800</run_address>
         <size>0x28</size>
         <input_file_ref idref="fl-8"/>
      </object_component>
      <object_component id="oc-10b">
         <name>EPwm1RegsFile</name>
         <uninitialized>true</uninitialized>
         <run_address>0x4000</run_address>
         <size>0x100</size>
         <input_file_ref idref="fl-8"/>
      </object_component>
      <object_component id="oc-10c">
         <name>EPwm2RegsFile</name>
         <uninitialized>true</uninitialized>
         <run_address>0x4100</run_address>
         <size>0x100</size>
         <input_file_ref idref="fl-8"/>
      </object_component>
      <object_component id="oc-10d">
         <name>EPwm3RegsFile</name>
         <uninitialized>true</uninitialized>
         <run_address>0x4200</run_address>
         <size>0x100</size>
         <input_file_ref idref="fl-8"/>
      </object_component>
      <object_component id="oc-10e">
         <name>EPwm4RegsFile</name>
         <uninitialized>true</uninitialized>
         <run_address>0x4300</run_address>
         <size>0x100</size>
         <input_file_ref idref="fl-8"/>
      </object_component>
      <object_component id="oc-10f">
         <name>EPwm5RegsFile</name>
         <uninitialized>true</uninitialized>
         <run_address>0x4400</run_address>
         <size>0x100</size>
         <input_file_ref idref="fl-8"/>
      </object_component>
      <object_component id="oc-110">
         <name>EPwm6RegsFile</name>
         <uninitialized>true</uninitialized>
         <run_address>0x4500</run_address>
         <size>0x100</size>
         <input_file_ref idref="fl-8"/>
      </object_component>
      <object_component id="oc-111">
         <name>EPwm7RegsFile</name>
         <uninitialized>true</uninitialized>
         <run_address>0x4600</run_address>
         <size>0x100</size>
         <input_file_ref idref="fl-8"/>
      </object_component>
      <object_component id="oc-112">
         <name>EPwm8RegsFile</name>
         <uninitialized>true</uninitialized>
         <run_address>0x4700</run_address>
         <size>0x100</size>
         <input_file_ref idref="fl-8"/>
      </object_component>
      <object_component id="oc-113">
         <name>EPwm9RegsFile</name>
         <uninitialized>true</uninitialized>
         <run_address>0x4800</run_address>
         <size>0x100</size>
         <input_file_ref idref="fl-8"/>
      </object_component>
      <object_component id="oc-114">
         <name>EPwm10RegsFile</name>
         <uninitialized>true</uninitialized>
         <run_address>0x4900</run_address>
         <size>0x100</size>
         <input_file_ref idref="fl-8"/>
      </object_component>
      <object_component id="oc-115">
         <name>EPwm11RegsFile</name>
         <uninitialized>true</uninitialized>
         <run_address>0x4a00</run_address>
         <size>0x100</size>
         <input_file_ref idref="fl-8"/>
      </object_component>
      <object_component id="oc-116">
         <name>EPwm12RegsFile</name>
         <uninitialized>true</uninitialized>
         <run_address>0x4b00</run_address>
         <size>0x100</size>
         <input_file_ref idref="fl-8"/>
      </object_component>
      <object_component id="oc-ff">
         <name>EPwmXbarRegsFile</name>
         <uninitialized>true</uninitialized>
         <run_address>0x7a00</run_address>
         <size>0x40</size>
         <input_file_ref idref="fl-8"/>
      </object_component>
      <object_component id="oc-e4">
         <name>EQep1RegsFile</name>
         <uninitialized>true</uninitialized>
         <run_address>0x5100</run_address>
         <size>0x22</size>
         <input_file_ref idref="fl-8"/>
      </object_component>
      <object_component id="oc-e5">
         <name>EQep2RegsFile</name>
         <uninitialized>true</uninitialized>
         <run_address>0x5140</run_address>
         <size>0x22</size>
         <input_file_ref idref="fl-8"/>
      </object_component>
      <object_component id="oc-e6">
         <name>EQep3RegsFile</name>
         <uninitialized>true</uninitialized>
         <run_address>0x5180</run_address>
         <size>0x22</size>
         <input_file_ref idref="fl-8"/>
      </object_component>
      <object_component id="oc-11f">
         <name>Flash0CtrlRegsFile</name>
         <uninitialized>true</uninitialized>
         <run_address>0x5f800</run_address>
         <size>0x182</size>
         <input_file_ref idref="fl-8"/>
      </object_component>
      <object_component id="oc-ee">
         <name>Flash0EccRegsFile</name>
         <uninitialized>true</uninitialized>
         <run_address>0x5fb00</run_address>
         <size>0x28</size>
         <input_file_ref idref="fl-8"/>
      </object_component>
      <object_component id="oc-b6">
         <name>FlashPumpSemaphoreRegsFile</name>
         <uninitialized>true</uninitialized>
         <run_address>0x50024</run_address>
         <size>0x2</size>
         <input_file_ref idref="fl-8"/>
      </object_component>
      <object_component id="oc-11e">
         <name>GpioCtrlRegsFile</name>
         <uninitialized>true</uninitialized>
         <run_address>0x7c00</run_address>
         <size>0x180</size>
         <input_file_ref idref="fl-8"/>
      </object_component>
      <object_component id="oc-f1">
         <name>GpioDataRegsFile</name>
         <uninitialized>true</uninitialized>
         <run_address>0x7f00</run_address>
         <size>0x30</size>
         <input_file_ref idref="fl-8"/>
      </object_component>
      <object_component id="oc-e7">
         <name>I2caRegsFile</name>
         <uninitialized>true</uninitialized>
         <run_address>0x7300</run_address>
         <size>0x22</size>
         <input_file_ref idref="fl-8"/>
      </object_component>
      <object_component id="oc-e8">
         <name>I2cbRegsFile</name>
         <uninitialized>true</uninitialized>
         <run_address>0x7340</run_address>
         <size>0x22</size>
         <input_file_ref idref="fl-8"/>
      </object_component>
      <object_component id="oc-e1">
         <name>InputXbarRegsFile</name>
         <uninitialized>true</uninitialized>
         <run_address>0x7900</run_address>
         <size>0x20</size>
         <input_file_ref idref="fl-8"/>
      </object_component>
      <object_component id="oc-e9">
         <name>IpcRegsFile</name>
         <uninitialized>true</uninitialized>
         <run_address>0x50000</run_address>
         <size>0x24</size>
         <input_file_ref idref="fl-8"/>
      </object_component>
      <object_component id="oc-f3">
         <name>MemoryErrorRegsFile</name>
         <uninitialized>true</uninitialized>
         <run_address>0x5f500</run_address>
         <size>0x3a</size>
         <input_file_ref idref="fl-8"/>
      </object_component>
      <object_component id="oc-104">
         <name>MemCfgRegsFile</name>
         <uninitialized>true</uninitialized>
         <run_address>0x5f400</run_address>
         <size>0x76</size>
         <input_file_ref idref="fl-8"/>
      </object_component>
      <object_component id="oc-ea">
         <name>McbspaRegsFile</name>
         <uninitialized>true</uninitialized>
         <run_address>0x6000</run_address>
         <size>0x24</size>
         <input_file_ref idref="fl-8"/>
      </object_component>
      <object_component id="oc-eb">
         <name>McbspbRegsFile</name>
         <uninitialized>true</uninitialized>
         <run_address>0x6040</run_address>
         <size>0x24</size>
         <input_file_ref idref="fl-8"/>
      </object_component>
      <object_component id="oc-be">
         <name>NmiIntruptRegsFile</name>
         <uninitialized>true</uninitialized>
         <run_address>0x7060</run_address>
         <size>0x7</size>
         <input_file_ref idref="fl-8"/>
      </object_component>
      <object_component id="oc-100">
         <name>OutputXbarRegsFile</name>
         <uninitialized>true</uninitialized>
         <run_address>0x7a80</run_address>
         <size>0x40</size>
         <input_file_ref idref="fl-8"/>
      </object_component>
      <object_component id="oc-d8">
         <name>PieCtrlRegsFile</name>
         <uninitialized>true</uninitialized>
         <run_address>0xce0</run_address>
         <size>0x1a</size>
         <input_file_ref idref="fl-8"/>
      </object_component>
      <object_component id="oc-b7">
         <name>RomPrefetchRegsFile</name>
         <uninitialized>true</uninitialized>
         <run_address>0x5e608</run_address>
         <size>0x2</size>
         <input_file_ref idref="fl-8"/>
      </object_component>
      <object_component id="oc-b8">
         <name>RomWaitStateRegsFile</name>
         <uninitialized>true</uninitialized>
         <run_address>0x5f540</run_address>
         <size>0x2</size>
         <input_file_ref idref="fl-8"/>
      </object_component>
      <object_component id="oc-c6">
         <name>SciaRegsFile</name>
         <uninitialized>true</uninitialized>
         <run_address>0x7200</run_address>
         <size>0x10</size>
         <input_file_ref idref="fl-8"/>
      </object_component>
      <object_component id="oc-c7">
         <name>ScibRegsFile</name>
         <uninitialized>true</uninitialized>
         <run_address>0x7210</run_address>
         <size>0x10</size>
         <input_file_ref idref="fl-8"/>
      </object_component>
      <object_component id="oc-c8">
         <name>ScicRegsFile</name>
         <uninitialized>true</uninitialized>
         <run_address>0x7220</run_address>
         <size>0x10</size>
         <input_file_ref idref="fl-8"/>
      </object_component>
      <object_component id="oc-c9">
         <name>ScidRegsFile</name>
         <uninitialized>true</uninitialized>
         <run_address>0x7230</run_address>
         <size>0x10</size>
         <input_file_ref idref="fl-8"/>
      </object_component>
      <object_component id="oc-101">
         <name>Sdfm1RegsFile</name>
         <uninitialized>true</uninitialized>
         <run_address>0x5e00</run_address>
         <size>0x48</size>
         <input_file_ref idref="fl-8"/>
      </object_component>
      <object_component id="oc-102">
         <name>Sdfm2RegsFile</name>
         <uninitialized>true</uninitialized>
         <run_address>0x5e80</run_address>
         <size>0x48</size>
         <input_file_ref idref="fl-8"/>
      </object_component>
      <object_component id="oc-ca">
         <name>SpiaRegsFile</name>
         <uninitialized>true</uninitialized>
         <run_address>0x6100</run_address>
         <size>0x10</size>
         <input_file_ref idref="fl-8"/>
      </object_component>
      <object_component id="oc-cb">
         <name>SpibRegsFile</name>
         <uninitialized>true</uninitialized>
         <run_address>0x6110</run_address>
         <size>0x10</size>
         <input_file_ref idref="fl-8"/>
      </object_component>
      <object_component id="oc-cc">
         <name>SpicRegsFile</name>
         <uninitialized>true</uninitialized>
         <run_address>0x6120</run_address>
         <size>0x10</size>
         <input_file_ref idref="fl-8"/>
      </object_component>
      <object_component id="oc-ba">
         <name>SyncSocRegsFile</name>
         <uninitialized>true</uninitialized>
         <run_address>0x7940</run_address>
         <size>0x6</size>
         <input_file_ref idref="fl-8"/>
      </object_component>
      <object_component id="oc-103">
         <name>UppRegsFile</name>
         <uninitialized>true</uninitialized>
         <run_address>0x6200</run_address>
         <size>0x48</size>
         <input_file_ref idref="fl-8"/>
      </object_component>
      <object_component id="oc-ef">
         <name>WdRegsFile</name>
         <uninitialized>true</uninitialized>
         <run_address>0x7000</run_address>
         <size>0x2b</size>
         <input_file_ref idref="fl-8"/>
      </object_component>
      <object_component id="oc-c5">
         <name>XbarRegsFile</name>
         <uninitialized>true</uninitialized>
         <run_address>0x7920</run_address>
         <size>0xe</size>
         <input_file_ref idref="fl-8"/>
      </object_component>
      <object_component id="oc-c4">
         <name>XintRegsFile</name>
         <uninitialized>true</uninitialized>
         <run_address>0x7070</run_address>
         <size>0xb</size>
         <input_file_ref idref="fl-8"/>
      </object_component>
      <object_component id="oc-91">
         <name>.debug_info</name>
         <load_address>0x0</load_address>
         <run_address>0x0</run_address>
         <size>0x82b6</size>
         <input_file_ref idref="fl-2"/>
      </object_component>
      <object_component id="oc-99">
         <name>.debug_info</name>
         <load_address>0x82b6</load_address>
         <run_address>0x82b6</run_address>
         <size>0x4697</size>
         <input_file_ref idref="fl-3"/>
      </object_component>
      <object_component id="oc-a1">
         <name>.debug_info</name>
         <load_address>0xc94d</load_address>
         <run_address>0xc94d</run_address>
         <size>0x122</size>
         <input_file_ref idref="fl-4"/>
      </object_component>
      <object_component id="oc-a4">
         <name>.debug_info</name>
         <load_address>0xca6f</load_address>
         <run_address>0xca6f</run_address>
         <size>0x977</size>
         <input_file_ref idref="fl-5"/>
      </object_component>
      <object_component id="oc-aa">
         <name>.debug_info</name>
         <load_address>0xd3e6</load_address>
         <run_address>0xd3e6</run_address>
         <size>0x34d4</size>
         <input_file_ref idref="fl-6"/>
      </object_component>
      <object_component id="oc-b0">
         <name>.debug_info</name>
         <load_address>0x108ba</load_address>
         <run_address>0x108ba</run_address>
         <size>0xf3ca</size>
         <input_file_ref idref="fl-7"/>
      </object_component>
      <object_component id="oc-b5">
         <name>.debug_info</name>
         <load_address>0x1fc84</load_address>
         <run_address>0x1fc84</run_address>
         <size>0x572e2</size>
         <input_file_ref idref="fl-8"/>
      </object_component>
      <object_component id="oc-122">
         <name>.debug_info</name>
         <load_address>0x76f66</load_address>
         <run_address>0x76f66</run_address>
         <size>0x19f5b</size>
         <input_file_ref idref="fl-9"/>
      </object_component>
      <object_component id="oc-127">
         <name>.debug_info</name>
         <load_address>0x90ec1</load_address>
         <run_address>0x90ec1</run_address>
         <size>0x3545</size>
         <input_file_ref idref="fl-a"/>
      </object_component>
      <object_component id="oc-12c">
         <name>.debug_info</name>
         <load_address>0x94406</load_address>
         <run_address>0x94406</run_address>
         <size>0x670b</size>
         <input_file_ref idref="fl-b"/>
      </object_component>
      <object_component id="oc-131">
         <name>.debug_info</name>
         <load_address>0x9ab11</load_address>
         <run_address>0x9ab11</run_address>
         <size>0xfcb1</size>
         <input_file_ref idref="fl-c"/>
      </object_component>
      <object_component id="oc-136">
         <name>.debug_info</name>
         <load_address>0xaa7c2</load_address>
         <run_address>0xaa7c2</run_address>
         <size>0xcb8b</size>
         <input_file_ref idref="fl-d"/>
      </object_component>
      <object_component id="oc-13d">
         <name>.debug_info</name>
         <load_address>0xb734d</load_address>
         <run_address>0xb734d</run_address>
         <size>0xec</size>
         <input_file_ref idref="fl-e"/>
      </object_component>
      <object_component id="oc-140">
         <name>.debug_info</name>
         <load_address>0xb7439</load_address>
         <run_address>0xb7439</run_address>
         <size>0x60b9</size>
         <input_file_ref idref="fl-f"/>
      </object_component>
      <object_component id="oc-145">
         <name>.debug_info</name>
         <load_address>0xbd4f2</load_address>
         <run_address>0xbd4f2</run_address>
         <size>0xd56a</size>
         <input_file_ref idref="fl-10"/>
      </object_component>
      <object_component id="oc-14e">
         <name>.debug_info</name>
         <load_address>0xcaa5c</load_address>
         <run_address>0xcaa5c</run_address>
         <size>0x1198</size>
         <input_file_ref idref="fl-11"/>
      </object_component>
      <object_component id="oc-156">
         <name>.debug_info</name>
         <load_address>0xcbbf4</load_address>
         <run_address>0xcbbf4</run_address>
         <size>0x70a</size>
         <input_file_ref idref="fl-1f"/>
      </object_component>
      <object_component id="oc-15c">
         <name>.debug_info</name>
         <load_address>0xcc2fe</load_address>
         <run_address>0xcc2fe</run_address>
         <size>0x69a</size>
         <input_file_ref idref="fl-20"/>
      </object_component>
      <object_component id="oc-163">
         <name>.debug_info</name>
         <load_address>0xcc998</load_address>
         <run_address>0xcc998</run_address>
         <size>0x67e</size>
         <input_file_ref idref="fl-2c"/>
      </object_component>
      <object_component id="oc-16a">
         <name>.debug_info</name>
         <load_address>0xcd016</load_address>
         <run_address>0xcd016</run_address>
         <size>0x173</size>
         <input_file_ref idref="fl-2d"/>
      </object_component>
      <object_component id="oc-16f">
         <name>.debug_info</name>
         <load_address>0xcd189</load_address>
         <run_address>0xcd189</run_address>
         <size>0x114</size>
         <input_file_ref idref="fl-2e"/>
      </object_component>
      <object_component id="oc-174">
         <name>.debug_info</name>
         <load_address>0xcd29d</load_address>
         <run_address>0xcd29d</run_address>
         <size>0x141</size>
         <input_file_ref idref="fl-2f"/>
      </object_component>
      <object_component id="oc-179">
         <name>.debug_info</name>
         <load_address>0xcd3de</load_address>
         <run_address>0xcd3de</run_address>
         <size>0x1a5</size>
         <input_file_ref idref="fl-30"/>
      </object_component>
      <object_component id="oc-17d">
         <name>.debug_info</name>
         <load_address>0xcd583</load_address>
         <run_address>0xcd583</run_address>
         <size>0x561</size>
         <input_file_ref idref="fl-31"/>
      </object_component>
      <object_component id="oc-182">
         <name>.debug_info</name>
         <load_address>0xcdae4</load_address>
         <run_address>0xcdae4</run_address>
         <size>0x43a</size>
         <input_file_ref idref="fl-32"/>
      </object_component>
      <object_component id="oc-187">
         <name>.debug_info</name>
         <load_address>0xcdf1e</load_address>
         <run_address>0xcdf1e</run_address>
         <size>0x3ad</size>
         <input_file_ref idref="fl-33"/>
      </object_component>
      <object_component id="oc-18c">
         <name>.debug_info</name>
         <load_address>0xce2cb</load_address>
         <run_address>0xce2cb</run_address>
         <size>0x3aa</size>
         <input_file_ref idref="fl-34"/>
      </object_component>
      <object_component id="oc-191">
         <name>.debug_info</name>
         <load_address>0xce675</load_address>
         <run_address>0xce675</run_address>
         <size>0x544</size>
         <input_file_ref idref="fl-35"/>
      </object_component>
      <object_component id="oc-198">
         <name>.debug_info</name>
         <load_address>0xcebb9</load_address>
         <run_address>0xcebb9</run_address>
         <size>0x4cc</size>
         <input_file_ref idref="fl-36"/>
      </object_component>
      <object_component id="oc-19d">
         <name>.debug_info</name>
         <load_address>0xcf085</load_address>
         <run_address>0xcf085</run_address>
         <size>0x467</size>
         <input_file_ref idref="fl-37"/>
      </object_component>
      <object_component id="oc-1a2">
         <name>.debug_info</name>
         <load_address>0xcf4ec</load_address>
         <run_address>0xcf4ec</run_address>
         <size>0x4aa</size>
         <input_file_ref idref="fl-38"/>
      </object_component>
      <object_component id="oc-1a7">
         <name>.debug_info</name>
         <load_address>0xcf996</load_address>
         <run_address>0xcf996</run_address>
         <size>0x2a4f</size>
         <input_file_ref idref="fl-39"/>
      </object_component>
      <object_component id="oc-1af">
         <name>.debug_info</name>
         <load_address>0xd23e5</load_address>
         <run_address>0xd23e5</run_address>
         <size>0x120</size>
         <input_file_ref idref="fl-3a"/>
      </object_component>
      <object_component id="oc-1b4">
         <name>.debug_info</name>
         <load_address>0xd2505</load_address>
[...]
         <name>_GPIO_EnableUnbondedIOPullups</name>
         <value>0xc1f9</value>
         <object_component_ref idref="oc-23f"/>
      </symbol>
      <symbol id="sm-59c">
         <name>_GPIO_SetupXINT1Gpio</name>
         <value>0xc189</value>
         <object_component_ref idref="oc-23f"/>
      </symbol>
      <symbol id="sm-59e">
         <name>_GPIO_SetupPinMux</name>
         <value>0xc040</value>
         <object_component_ref idref="oc-23f"/>
      </symbol>
      <symbol id="sm-5a0">
         <name>_GPIO_EnableUnbondedIOPullupsFor100Pin</name>
         <value>0xc1d4</value>
         <object_component_ref idref="oc-23f"/>
      </symbol>
      <symbol id="sm-5a2">
         <name>_GPIO_ReadPin</name>
         <value>0xc20f</value>
         <object_component_ref idref="oc-23f"/>
      </symbol>
      <symbol id="sm-5af">
         <name>_InitPieCtrl</name>
         <value>0xc845</value>
         <object_component_ref idref="oc-264"/>
      </symbol>
      <symbol id="sm-5b1">
         <name>_EnableInterrupts</name>
         <value>0xc864</value>
         <object_component_ref idref="oc-264"/>
      </symbol>
      <symbol id="sm-5c2">
         <name>_PieVectTableInit</name>
         <value>0xa800</value>
         <object_component_ref idref="oc-26a"/>
      </symbol>
      <symbol id="sm-5c3">
         <name>_InitPieVectTable</name>
         <value>0xc86d</value>
         <object_component_ref idref="oc-265"/>
      </symbol>
      <symbol id="sm-610">
         <name>_InitSysPll</name>
         <value>0x9ad7</value>
         <object_component_ref idref="oc-263"/>
      </symbol>
      <symbol id="sm-612">
         <name>_SeizeFlashPump</name>
         <value>0x9aa2</value>
         <object_component_ref idref="oc-263"/>
      </symbol>
      <symbol id="sm-614">
         <name>_DisablePeripheralClocks</name>
         <value>0x9a8a</value>
         <object_component_ref idref="oc-263"/>
      </symbol>
      <symbol id="sm-616">
         <name>_DisableDog</name>
         <value>0x9ac9</value>
         <object_component_ref idref="oc-263"/>
      </symbol>
      <symbol id="sm-618">
         <name>_SysIntOsc2Sel</name>
         <value>0x9de6</value>
         <object_component_ref idref="oc-263"/>
      </symbol>
      <symbol id="sm-61a">
         <name>_ReleaseFlashPump</name>
         <value>0x9ab1</value>
         <object_component_ref idref="oc-263"/>
      </symbol>
      <symbol id="sm-61c">
         <name>_HALT</name>
         <value>0x9e3e</value>
         <object_component_ref idref="oc-263"/>
      </symbol>
      <symbol id="sm-61e">
         <name>_IDLE</name>
         <value>0x9e2a</value>
         <object_component_ref idref="oc-263"/>
      </symbol>
      <symbol id="sm-620">
         <name>_InitPeripheralClocks</name>
         <value>0x9a06</value>
         <object_component_ref idref="oc-263"/>
      </symbol>
      <symbol id="sm-622">
         <name>_SysXtalOscSel</name>
         <value>0x9dfa</value>
         <object_component_ref idref="oc-263"/>
      </symbol>
      <symbol id="sm-624">
         <name>_ConfigureTMXAnalogTrim</name>
         <value>0x9e74</value>
         <object_component_ref idref="oc-263"/>
      </symbol>
      <symbol id="sm-626">
         <name>_CsmUnlock</name>
         <value>0x9db5</value>
         <object_component_ref idref="oc-263"/>
      </symbol>
      <symbol id="sm-628">
         <name>_SysIntOsc1Sel</name>
         <value>0x9dd6</value>
         <object_component_ref idref="oc-263"/>
      </symbol>
      <symbol id="sm-62a">
         <name>_ServiceDog</name>
         <value>0x9abb</value>
         <object_component_ref idref="oc-263"/>
      </symbol>
      <symbol id="sm-62c">
         <name>_HIB</name>
         <value>0x9e57</value>
         <object_component_ref idref="oc-263"/>
      </symbol>
      <symbol id="sm-62e">
         <name>_AuxAuxClkSel</name>
         <value>0x9e20</value>
         <object_component_ref idref="oc-263"/>
      </symbol>
      <symbol id="sm-630">
         <name>_AuxIntOsc2Sel</name>
         <value>0x9e0a</value>
         <object_component_ref idref="oc-263"/>
      </symbol>
      <symbol id="sm-632">
         <name>_InitAuxPll</name>
         <value>0x9cc6</value>
         <object_component_ref idref="oc-263"/>
      </symbol>
      <symbol id="sm-634">
         <name>_InitSysCtrl</name>
         <value>0x99e6</value>
         <object_component_ref idref="oc-263"/>
      </symbol>
      <symbol id="sm-636">
         <name>_STANDBY</name>
         <value>0x9e33</value>
         <object_component_ref idref="oc-263"/>
      </symbol>
      <symbol id="sm-638">
         <name>_AuxXtalOscSel</name>
         <value>0x9e14</value>
         <object_component_ref idref="oc-263"/>
      </symbol>
      <symbol id="sm-645">
         <name>_F28x_usDelay</name>
         <value>0x123</value>
         <object_component_ref idref="oc-13b"/>
      </symbol>
      <symbol id="sm-6cf">
         <name>_LED_3</name>
         <value>0x15d80</value>
         <object_component_ref idref="oc-249"/>
      </symbol>
      <symbol id="sm-6d0">
         <name>_LED_2</name>
         <value>0x15d6e</value>
         <object_component_ref idref="oc-247"/>
      </symbol>
      <symbol id="sm-6d1">
         <name>_LED_1</name>
         <value>0x15d5f</value>
         <object_component_ref idref="oc-245"/>
      </symbol>
      <symbol id="sm-6d2">
         <name>_LED_0</name>
         <value>0x15d50</value>
         <object_component_ref idref="oc-243"/>
      </symbol>
      <symbol id="sm-6d3">
         <name>_LED_7</name>
         <value>0x15dc0</value>
         <object_component_ref idref="oc-251"/>
      </symbol>
      <symbol id="sm-6d4">
         <name>_LED_6</name>
         <value>0x15dad</value>
         <object_component_ref idref="oc-24f"/>
      </symbol>
      <symbol id="sm-6d5">
         <name>_LED_5</name>
         <value>0x15d9e</value>
         <object_component_ref idref="oc-24d"/>
      </symbol>
      <symbol id="sm-6d6">
         <name>_LED_4</name>
         <value>0x15d8f</value>
         <object_component_ref idref="oc-24b"/>
      </symbol>
      <symbol id="sm-6d7">
         <name>_LED_9</name>
         <value>0x15dde</value>
         <object_component_ref idref="oc-255"/>
      </symbol>
      <symbol id="sm-6d8">
         <name>_LED_8</name>
         <value>0x15dcf</value>
         <object_component_ref idref="oc-253"/>
      </symbol>
      <symbol id="sm-6d9">
         <name>_LED_C</name>
         <value>0x15e0f</value>
         <object_component_ref idref="oc-25b"/>
      </symbol>
      <symbol id="sm-6da">
         <name>_LED_B</name>
         <value>0x15e00</value>
         <object_component_ref idref="oc-259"/>
      </symbol>
      <symbol id="sm-6db">
         <name>_LED_A</name>
         <value>0x15ded</value>
         <object_component_ref idref="oc-257"/>
      </symbol>
      <symbol id="sm-6dc">
         <name>_LED_F</name>
         <value>0x15e40</value>
         <object_component_ref idref="oc-261"/>
      </symbol>
      <symbol id="sm-6dd">
         <name>_LED_E</name>
         <value>0x15e2d</value>
         <object_component_ref idref="oc-25f"/>
      </symbol>
      <symbol id="sm-6de">
         <name>_LED_D</name>
         <value>0x15e1e</value>
         <object_component_ref idref="oc-25d"/>
      </symbol>
      <symbol id="sm-6df">
         <name>_displayLEDletter</name>
         <value>0xa76b</value>
         <object_component_ref idref="oc-23a"/>
      </symbol>
      <symbol id="sm-6e1">
         <name>_setLEDLetter</name>
         <value>0xa6e5</value>
         <object_component_ref idref="oc-23a"/>
      </symbol>
      <symbol id="sm-70d">
         <name>_ledRowsTimer</name>
         <value>0x158be</value>
         <object_component_ref idref="oc-147"/>
      </symbol>
      <symbol id="sm-70e">
         <name>_main</name>
         <value>0xa311</value>
         <object_component_ref idref="oc-23b"/>
      </symbol>
      <symbol id="sm-710">
         <name>_cpu_timer2_isr</name>
         <value>0xc2cb</value>
         <object_component_ref idref="oc-148"/>
      </symbol>
      <symbol id="sm-712">
         <name>_cpu_timer1_isr</name>
         <value>0xc2b9</value>
         <object_component_ref idref="oc-148"/>
      </symbol>
      <symbol id="sm-714">
         <name>_SetLEDRowsOnOff</name>
         <value>0xa56b</value>
         <object_component_ref idref="oc-23b"/>
      </symbol>
      <symbol id="sm-716">
         <name>_UARTPrint</name>
         <value>0x158b4</value>
         <object_component_ref idref="oc-147"/>
      </symbol>
      <symbol id="sm-717">
         <name>_cpu_timer0_isr</name>
         <value>0xc25e</value>
         <object_component_ref idref="oc-148"/>
      </symbol>
      <symbol id="sm-719">
         <name>_LEDdisplaynum</name>
         <value>0x158b5</value>
         <object_component_ref idref="oc-147"/>
      </symbol>
      <symbol id="sm-71a">
         <name>_ReadSwitches</name>
         <value>0xa5c7</value>
         <object_component_ref idref="oc-23b"/>
      </symbol>
      <symbol id="sm-71c">
         <name>_numSWIcalls</name>
         <value>0x158ba</value>
         <object_component_ref idref="oc-147"/>
      </symbol>
      <symbol id="sm-71d">
         <name>_switchStatus</name>
         <value>0x158b6</value>
         <object_component_ref idref="oc-147"/>
      </symbol>
      <symbol id="sm-71e">
         <name>_numTimer0calls</name>
         <value>0x158b8</value>
         <object_component_ref idref="oc-147"/>
      </symbol>
      <symbol id="sm-71f">
         <name>_numTimer2calls</name>
         <value>0x158bc</value>
         <object_component_ref idref="oc-147"/>
      </symbol>
      <symbol id="sm-720">
         <name>_SWI_isr</name>
         <value>0xc244</value>
         <object_component_ref idref="oc-148"/>
      </symbol>
      <symbol id="sm-732">
         <name>_Example_Fail</name>
         <value>0x15e54</value>
         <object_component_ref idref="oc-150"/>
      </symbol>
      <symbol id="sm-733">
         <name>_Example_Result</name>
         <value>0x15e50</value>
         <object_component_ref idref="oc-150"/>
      </symbol>
      <symbol id="sm-734">
         <name>_Example_PassCount</name>
         <value>0x15e52</value>
         <object_component_ref idref="oc-150"/>
      </symbol>
      <symbol id="sm-751">
         <name>_SysCtl_delay</name>
         <value>0x127</value>
         <object_component_ref idref="oc-15d"/>
      </symbol>
      <symbol id="sm-75f">
         <name>_vsprintf</name>
         <value>0xc798</value>
         <object_component_ref idref="oc-241"/>
      </symbol>
      <symbol id="sm-77b">
         <name>_c_int00</name>
         <value>0xc6e1</value>
         <object_component_ref idref="oc-90"/>
      </symbol>
      <symbol id="sm-77c">
         <name>__stack</name>
         <value>0xb800</value>
         <object_component_ref idref="oc-168"/>
      </symbol>
      <symbol id="sm-78d">
         <name>FS$$DIV</name>
         <value>0xc500</value>
         <object_component_ref idref="oc-16e"/>
      </symbol>
      <symbol id="sm-799">
         <name>U$$MOD</name>
         <value>0xc9e5</value>
         <object_component_ref idref="oc-173"/>
      </symbol>
      <symbol id="sm-79a">
         <name>U$$DIV</name>
         <value>0xc9e0</value>
         <object_component_ref idref="oc-173"/>
      </symbol>
      <symbol id="sm-7a6">
         <name>UL$$MOD</name>
         <value>0xc816</value>
         <object_component_ref idref="oc-178"/>
      </symbol>
      <symbol id="sm-7a7">
         <name>L$$MOD</name>
         <value>0xc801</value>
         <object_component_ref idref="oc-178"/>
      </symbol>
      <symbol id="sm-7a8">
         <name>L$$DIV</name>
         <value>0xc7f2</value>
         <object_component_ref idref="oc-178"/>
      </symbol>
      <symbol id="sm-7a9">
         <name>UL$$DIV</name>
         <value>0xc80f</value>
         <object_component_ref idref="oc-178"/>
      </symbol>
      <symbol id="sm-7b8">
         <name>_copy_in</name>
         <value>0xc893</value>
         <object_component_ref idref="oc-22f"/>
      </symbol>
      <symbol id="sm-7ca">
         <name>_memcpy</name>
         <value>0xc937</value>
         <object_component_ref idref="oc-23c"/>
      </symbol>
      <symbol id="sm-7d7">
         <name>__system_pre_init</name>
         <value>0xca22</value>
         <object_component_ref idref="oc-22e"/>
      </symbol>
      <symbol id="sm-7e5">
         <name>__system_post_cinit</name>
         <value>0x879b</value>
         <object_component_ref idref="oc-230"/>
      </symbol>
      <symbol id="sm-7fa">
         <name>C$$EXIT</name>
         <value>0xc81c</value>
         <object_component_ref idref="oc-232"/>
      </symbol>
      <symbol id="sm-7fb">
         <name>_exit</name>
         <value>0xc81e</value>
         <object_component_ref idref="oc-232"/>
      </symbol>
      <symbol id="sm-7fd">
         <name>___TI_cleanup_ptr</name>
         <value>0x15e58</value>
         <object_component_ref idref="oc-193"/>
      </symbol>
      <symbol id="sm-7fe">
         <name>___TI_enable_exit_profile_output</name>
         <value>0x15e56</value>
         <object_component_ref idref="oc-193"/>
      </symbol>
      <symbol id="sm-7ff">
         <name>_abort</name>
         <value>0xc81c</value>
         <object_component_ref idref="oc-232"/>
      </symbol>
      <symbol id="sm-801">
         <name>___TI_dtors_ptr</name>
         <value>0x15e5a</value>
         <object_component_ref idref="oc-193"/>
      </symbol>
      <symbol id="sm-815">
         <name>__unlock</name>
         <value>0x15dbc</value>
         <object_component_ref idref="oc-26b"/>
      </symbol>
      <symbol id="sm-816">
         <name>__lock</name>
         <value>0x15d7e</value>
         <object_component_ref idref="oc-23d"/>
      </symbol>
      <symbol id="sm-817">
         <name>__register_lock</name>
         <value>0xc9ef</value>
         <object_component_ref idref="oc-267"/>
      </symbol>
      <symbol id="sm-819">
         <name>__nop</name>
         <value>0xc9f3</value>
         <object_component_ref idref="oc-267"/>
      </symbol>
      <symbol id="sm-81b">
         <name>__register_unlock</name>
         <value>0xc9eb</value>
         <object_component_ref idref="oc-267"/>
      </symbol>
      <symbol id="sm-82b">
         <name>__args_main</name>
         <value>0xc9a4</value>
         <object_component_ref idref="oc-231"/>
      </symbol>
      <symbol id="sm-839">
         <name>_strlen</name>
         <value>0xca0e</value>
         <object_component_ref idref="oc-242"/>
      </symbol>
      <symbol id="sm-99d">
         <name>___TI_printfi</name>
         <value>0x92dc</value>
         <object_component_ref idref="oc-269"/>
      </symbol>
      <symbol id="sm-9ae">
         <name>FD$$CMP</name>
         <value>0xc7c8</value>
         <object_component_ref idref="oc-1ae"/>
      </symbol>
      <symbol id="sm-9c0">
         <name>FD$$MPY</name>
         <value>0xc588</value>
         <object_component_ref idref="oc-1b3"/>
      </symbol>
      <symbol id="sm-9cd">
         <name>FD$$NEG</name>
         <value>0xc9f4</value>
         <object_component_ref idref="oc-1b8"/>
      </symbol>
      <symbol id="sm-9d9">
         <name>FD$$SUB</name>
         <value>0xc9c6</value>
         <object_component_ref idref="oc-1bd"/>
      </symbol>
      <symbol id="sm-9e8">
         <name>FD$$TOI</name>
         <value>0xc8db</value>
         <object_component_ref idref="oc-1c2"/>
      </symbol>
      <symbol id="sm-9f7">
         <name>FD$$TOL</name>
         <value>0xa7e0</value>
         <object_component_ref idref="oc-1c7"/>
      </symbol>
      <symbol id="sm-a03">
         <name>LL$$AND</name>
         <value>0xc98c</value>
         <object_component_ref idref="oc-1cc"/>
      </symbol>
      <symbol id="sm-a04">
         <name>LL$$OR</name>
         <value>0xc994</value>
         <object_component_ref idref="oc-1cc"/>
      </symbol>
      <symbol id="sm-a05">
         <name>LL$$XOR</name>
         <value>0xc99c</value>
         <object_component_ref idref="oc-1cc"/>
      </symbol>
      <symbol id="sm-a13">
         <name>ULL$$CMP</name>
         <value>0xc90e</value>
         <object_component_ref idref="oc-1d1"/>
      </symbol>
      <symbol id="sm-a14">
         <name>LL$$CMP</name>
         <value>0xc8fc</value>
         <object_component_ref idref="oc-1d1"/>
      </symbol>
      <symbol id="sm-a40">
         <name>ULL$$MOD</name>
         <value>0xa683</value>
         <object_component_ref idref="oc-1d6"/>
      </symbol>
      <symbol id="sm-a41">
         <name>ULL$$DIV</name>
         <value>0xa654</value>
         <object_component_ref idref="oc-1d6"/>
      </symbol>
      <symbol id="sm-a42">
         <name>LL$$MOD</name>
         <value>0xa61a</value>
         <object_component_ref idref="oc-1d6"/>
      </symbol>
      <symbol id="sm-a43">
         <name>LL$$DIV</name>
         <value>0xa5de</value>
         <object_component_ref idref="oc-1d6"/>
      </symbol>
      <symbol id="sm-a53">
         <name>I$$TOFD</name>
         <value>0xc91a</value>
         <object_component_ref idref="oc-1db"/>
      </symbol>
      <symbol id="sm-a63">
         <name>L$$TOFD</name>
         <value>0xc970</value>
         <object_component_ref idref="oc-1e0"/>
      </symbol>
      <symbol id="sm-a73">
         <name>FS$$TOFD</name>
         <value>0xc954</value>
         <object_component_ref idref="oc-1e5"/>
      </symbol>
      <symbol id="sm-a8a">
         <name>FD$$DIV</name>
         <value>0xc475</value>
         <object_component_ref idref="oc-1ea"/>
      </symbol>
      <symbol id="sm-a98">
         <name>___TI_ltoa</name>
         <value>0xc768</value>
         <object_component_ref idref="oc-273"/>
      </symbol>
      <symbol id="sm-aad">
         <name>_atoi</name>
         <value>0xc737</value>
         <object_component_ref idref="oc-26c"/>
      </symbol>
      <symbol id="sm-ab6">
         <name>__ctypes_</name>
         <value>0xa9c0</value>
         <object_component_ref idref="oc-272"/>
      </symbol>
      <symbol id="sm-ac5">
         <name>_memccpy</name>
         <value>0xc9b6</value>
         <object_component_ref idref="oc-270"/>
      </symbol>
      <symbol id="sm-ad4">
         <name>_memset</name>
         <value>0xca16</value>
         <object_component_ref idref="oc-26d"/>
      </symbol>
      <symbol id="sm-ae4">
         <name>_strchr</name>
         <value>0xc9d4</value>
         <object_component_ref idref="oc-276"/>
      </symbol>
      <symbol id="sm-af2">
         <name>_strcpy</name>
         <value>0xca1d</value>
         <object_component_ref idref="oc-26e"/>
      </symbol>
      <symbol id="sm-b06">
         <name>_frexpl</name>
         <value>0xc687</value>
         <object_component_ref idref="oc-274"/>
      </symbol>
      <symbol id="sm-b25">
         <name>_scalbnl</name>
         <value>0xc330</value>
         <object_component_ref idref="oc-275"/>
      </symbol>
      <symbol id="sm-b27">
         <name>_ldexpl</name>
         <value>0xc330</value>
         <object_component_ref idref="oc-275"/>
      </symbol>
      <symbol id="sm-b34">
         <name>_copysignl</name>
         <value>0xc8b7</value>
         <object_component_ref idref="oc-277"/>
      </symbol>
      <symbol id="sm-b43">
         <name>_wcslen</name>
         <value>0xc9fd</value>
         <object_component_ref idref="oc-271"/>
      </symbol>
      <symbol id="sm-b5f">
         <name>FD$$ADD</name>
         <value>0xc3d9</value>
         <object_component_ref idref="oc-225"/>
      </symbol>
      <symbol id="sm-b69">
         <name>_errno</name>
         <value>0x15d11</value>
         <object_component_ref idref="oc-22c"/>
      </symbol>
   </symbol_table>
   <title>Link successful</title>
</link_info>
